// Jest Snapshot v1, https://goo.gl/fbAQLP

exports[`YourGiftCards should render without param showYourGiftCards 1`] = `
<View
  style={
    Object {
      "flex": 1,
    }
  }
>
  <RNCSafeAreaProvider
    onInsetsChange={[Function]}
    style={
      Array [
        Object {
          "flex": 1,
        },
        undefined,
      ]
    }
  >
    <View
      collapsable={false}
      pointerEvents="box-none"
      style={
        Object {
          "zIndex": 1,
        }
      }
    >
      <View
        accessibilityElementsHidden={false}
        importantForAccessibility="auto"
        onLayout={[Function]}
        pointerEvents="box-none"
        style={null}
      >
        <View
          collapsable={false}
          pointerEvents="box-none"
          style={
            Object {
              "bottom": 0,
              "left": 0,
              "opacity": 1,
              "position": "absolute",
              "right": 0,
              "top": 0,
              "zIndex": 0,
            }
          }
        >
          <View
            collapsable={false}
            style={
              Object {
                "backgroundColor": "rgb(255, 255, 255)",
                "borderBottomColor": "rgb(216, 216, 216)",
                "flex": 1,
                "shadowColor": "rgb(216, 216, 216)",
                "shadowOffset": Object {
                  "height": 0.5,
                  "width": 0,
                },
                "shadowOpacity": 0.85,
                "shadowRadius": 0,
              }
            }
          />
        </View>
        <View
          collapsable={false}
          pointerEvents="box-none"
          style={
            Object {
              "height": 64,
              "maxHeight": undefined,
              "minHeight": undefined,
              "opacity": undefined,
              "transform": undefined,
            }
          }
        >
          <View
            pointerEvents="none"
            style={
              Object {
                "height": 20,
              }
            }
          />
          <View
            pointerEvents="box-none"
            style={
              Object {
                "alignItems": "center",
                "flex": 1,
                "flexDirection": "row",
                "justifyContent": "center",
              }
            }
          >
            <View
              collapsable={false}
              pointerEvents="box-none"
              style={
                Object {
                  "marginHorizontal": 16,
                  "opacity": 1,
                }
              }
            >
              <Text
                accessibilityRole="header"
                aria-level="1"
                collapsable={false}
                numberOfLines={1}
                onLayout={[Function]}
                style={
                  Object {
                    "color": "rgb(28, 28, 30)",
                    "fontSize": 17,
                    "fontWeight": "600",
                  }
                }
              >
                route
              </Text>
            </View>
          </View>
        </View>
      </View>
    </View>
    <RNSScreenContainer
      onLayout={[Function]}
      style={
        Object {
          "flex": 1,
        }
      }
    >
      <RNSScreen
        activityState={2}
        collapsable={false}
        forwardedRef={[Function]}
        pointerEvents="box-none"
        style={
          Object {
            "bottom": 0,
            "left": 0,
            "position": "absolute",
            "right": 0,
            "top": 0,
          }
        }
      >
        <View
          collapsable={false}
          style={
            Object {
              "opacity": 1,
            }
          }
        />
        <View
          accessibilityElementsHidden={false}
          closing={false}
          gestureVelocityImpact={0.3}
          importantForAccessibility="auto"
          onClose={[Function]}
          onGestureBegin={[Function]}
          onGestureCanceled={[Function]}
          onGestureEnd={[Function]}
          onOpen={[Function]}
          onTransition={[Function]}
          pointerEvents="box-none"
          style={
            Array [
              Object {
                "overflow": undefined,
              },
              Object {
                "bottom": 0,
                "left": 0,
                "position": "absolute",
                "right": 0,
                "top": 0,
              },
            ]
          }
          transitionSpec={
            Object {
              "close": Object {
                "animation": "spring",
                "config": Object {
                  "damping": 500,
                  "mass": 3,
                  "overshootClamping": true,
                  "restDisplacementThreshold": 10,
                  "restSpeedThreshold": 10,
                  "stiffness": 1000,
                },
              },
              "open": Object {
                "animation": "spring",
                "config": Object {
                  "damping": 500,
                  "mass": 3,
                  "overshootClamping": true,
                  "restDisplacementThreshold": 10,
                  "restSpeedThreshold": 10,
                  "stiffness": 1000,
                },
              },
            }
          }
        >
          <View
            collapsable={false}
            needsOffscreenAlphaCompositing={false}
            pointerEvents="box-none"
            style={
              Object {
                "flex": 1,
              }
            }
          >
            <View
              collapsable={false}
              forwardedRef={[Function]}
              onGestureHandlerEvent={[Function]}
              onGestureHandlerStateChange={[Function]}
              style={
                Object {
                  "flex": 1,
                  "transform": Array [
                    Object {
                      "translateX": 0,
                    },
                    Object {
                      "translateX": 0,
                    },
                  ],
                }
              }
            >
              <View
                collapsable={false}
                pointerEvents="none"
                style={
                  Object {
                    "backgroundColor": "rgb(242, 242, 242)",
                    "bottom": 0,
                    "left": 0,
                    "position": "absolute",
                    "shadowColor": "#000",
                    "shadowOffset": Object {
                      "height": 1,
                      "width": -1,
                    },
                    "shadowOpacity": 0.3,
                    "shadowRadius": 5,
                    "top": 0,
                    "width": 3,
                  }
                }
              />
              <View
                style={
                  Array [
                    Object {
                      "flex": 1,
                      "overflow": "hidden",
                    },
                    Array [
                      Object {
                        "backgroundColor": "rgb(242, 242, 242)",
                      },
                      undefined,
                    ],
                  ]
                }
              >
                <View
                  style={
                    Object {
                      "flex": 1,
                      "flexDirection": "column-reverse",
                    }
                  }
                >
                  <View
                    style={
                      Object {
                        "flex": 1,
                      }
                    }
                  >
                    <View
                      accessibilityLabel="wallet-your-gc-container"
                      accessible={true}
                      style={
                        Object {
                          "backgroundColor": "#F5F7FA",
                          "flexBasis": 0,
                          "flexGrow": 1,
                          "flexShrink": 1,
                        }
                      }
                      testID="wallet-your-gc-container"
                    >
                      <View
                        style={
                          Object {
                            "alignItems": "center",
                            "backgroundColor": "#FFFFFF",
                            "borderBottomLeftRadius": 52,
                            "borderBottomRightRadius": 52,
                            "borderTopLeftRadius": 52,
                            "borderTopRightRadius": 52,
                            "elevation": 4,
                            "flexDirection": "row",
                            "height": 52,
                            "marginBottom": 26,
                            "marginLeft": 16,
                            "marginRight": 16,
                            "marginTop": 26,
                            "shadowColor": "#262C2F",
                            "shadowOffset": Object {
                              "height": 2,
                              "width": 0,
                            },
                            "shadowOpacity": 0.2,
                          }
                        }
                      >
                        <View
                          style={
                            Object {
                              "alignItems": "center",
                              "flexBasis": 0,
                              "flexGrow": 1,
                              "flexShrink": 1,
                            }
                          }
                        >
                          <RNGestureHandlerButton
                            collapsable={false}
                            onGestureEvent={[Function]}
                            onGestureHandlerEvent={[Function]}
                            onGestureHandlerStateChange={[Function]}
                            onHandlerStateChange={[Function]}
                            rippleColor={0}
                            testID="wallet-your-gc-see-actives"
                          >
                            <View
                              accessibilityLabel="wallet-your-gc-see-actives"
                              accessible={true}
                              collapsable={false}
                              style={
                                Object {
                                  "opacity": 1,
                                }
                              }
                            >
                              <Text
                                style={
                                  Array [
                                    Object {
                                      "color": "#909BA0",
                                      "fontFamily": "SFProDisplay-SemiBold",
                                      "fontSize": 14,
                                    },
                                    Object {
                                      "color": "#0066CC",
                                    },
                                  ]
                                }
                              >
                                Your Gift Cards
                              </Text>
                            </View>
                          </RNGestureHandlerButton>
                        </View>
                        <View
                          style={
                            Object {
                              "borderRightColor": "#E2E3E3",
                              "borderRightWidth": 1,
                              "height": 40,
                            }
                          }
                        />
                        <View
                          style={
                            Object {
                              "alignItems": "center",
                              "flexBasis": 0,
                              "flexGrow": 1,
                              "flexShrink": 1,
                            }
                          }
                        >
                          <RNGestureHandlerButton
                            collapsable={false}
                            onGestureEvent={[Function]}
                            onGestureHandlerEvent={[Function]}
                            onGestureHandlerStateChange={[Function]}
                            onHandlerStateChange={[Function]}
                            rippleColor={0}
                            testID="wallet-your-gc-see-archives"
                          >
                            <View
                              accessibilityLabel="wallet-your-gc-see-archives"
                              accessible={true}
                              collapsable={false}
                              style={
                                Object {
                                  "opacity": 1,
                                }
                              }
                            >
                              <Text
                                style={
                                  Array [
                                    Object {
                                      "color": "#909BA0",
                                      "fontFamily": "SFProDisplay-SemiBold",
                                      "fontSize": 14,
                                    },
                                    false,
                                  ]
                                }
                              >
                                Archived Gift Cards
                              </Text>
                            </View>
                          </RNGestureHandlerButton>
                        </View>
                      </View>
                      <View
                        accessibilityLabel="wallet-your-gc-fallback"
                        accessible={true}
                        style={
                          Object {
                            "alignItems": "center",
                            "flexBasis": 0,
                            "flexGrow": 1,
                            "flexShrink": 1,
                            "marginTop": 80,
                          }
                        }
                        testID="wallet-your-gc-fallback"
                      >
                        <View
                          style={
                            Array [
                              Object {
                                "alignItems": "center",
                                "borderRadius": 60,
                                "height": 105,
                                "justifyContent": "center",
                                "width": 105,
                              },
                              Array [
                                Object {
                                  "alignItems": "flex-end",
                                  "backgroundColor": "#DDE8F5",
                                },
                                Object {
                                  "backgroundColor": "#DDE8F5",
                                },
                              ],
                            ]
                          }
                        >
                          <View
                            style={
                              Object {
                                "backgroundColor": "#FFFFFF",
                                "borderBottomLeftRadius": 70,
                                "borderBottomRightRadius": 70,
                                "borderTopLeftRadius": 70,
                                "borderTopRightRadius": 70,
                              }
                            }
                          >
                            <Text
                              accessibilityLabel="icon-text"
                              accessible={true}
                              allowFontScaling={false}
                              selectable={false}
                              style={
                                Array [
                                  Object {
                                    "color": "#0066CC",
                                    "fontSize": 60,
                                  },
                                  undefined,
                                  Object {
                                    "fontFamily": "sywmax",
                                    "fontStyle": "normal",
                                    "fontWeight": "normal",
                                  },
                                  Object {},
                                ]
                              }
                              testID="icon-text"
                            >
                              
                            </Text>
                          </View>
                        </View>
                        <Text
                          style={
                            Object {
                              "color": "#262C2F",
                              "fontFamily": "SFProDisplay-Bold",
                              "fontSize": 16,
                              "lineHeight": 20,
                              "marginBottom": 0,
                              "marginLeft": 36,
                              "marginRight": 36,
                              "marginTop": 32,
                              "textAlign": "center",
                            }
                          }
                        >
                          Uh-oh! It looks like you don't have any active Gift Cards yet.
                        </Text>
                      </View>
                      <View
                        style={
                          Object {
                            "backgroundColor": "#FFFFFF",
                            "height": 100,
                            "justifyContent": "center",
                            "paddingHorizontal": 32,
                          }
                        }
                      >
                        <View
                          accessibilityLabel="wallet-your-gc-buy-gift-card"
                          accessible={true}
                          collapsable={false}
                          focusable={true}
                          onClick={[Function]}
                          onResponderGrant={[Function]}
                          onResponderMove={[Function]}
                          onResponderRelease={[Function]}
                          onResponderTerminate={[Function]}
                          onResponderTerminationRequest={[Function]}
                          onStartShouldSetResponder={[Function]}
                          style={
                            Object {
                              "opacity": 1,
                            }
                          }
                          testID="wallet-your-gc-buy-gift-card"
                        >
                          <View
                            style={
                              Array [
                                Object {
                                  "alignItems": "center",
                                  "backgroundColor": "#0066CC",
                                  "borderBottomLeftRadius": 30,
                                  "borderBottomRightRadius": 30,
                                  "borderTopLeftRadius": 30,
                                  "borderTopRightRadius": 30,
                                  "flexDirection": "row",
                                  "justifyContent": "center",
                                  "paddingBottom": 8,
                                  "paddingLeft": 12,
                                  "paddingRight": 12,
                                  "paddingTop": 8,
                                },
                                Object {
                                  "paddingBottom": 16,
                                  "paddingLeft": 0,
                                  "paddingRight": 0,
                                  "paddingTop": 16,
                                },
                              ]
                            }
                          >
                            <View
                              style={false}
                            >
                              <Text
                                style={
                                  Array [
                                    Object {
                                      "color": "#909BA0",
                                      "fontFamily": "SFProDisplay-Medium",
                                      "fontSize": 16,
                                      "lineHeight": 22,
                                    },
                                    Array [
                                      Object {
                                        "color": "#FFFFFF",
                                        "fontSize": 14,
                                        "textAlign": "center",
                                      },
                                      Object {
                                        "fontFamily": "SFProDisplay-SemiBold",
                                        "fontSize": 14,
                                        "lineHeight": 20,
                                      },
                                      undefined,
                                    ],
                                  ]
                                }
                              >
                                Buy Gift Card 
                              </Text>
                            </View>
                            <View
                              style={
                                Object {
                                  "marginLeft": 8,
                                }
                              }
                            >
                              <Text
                                accessibilityLabel="icon-text"
                                accessible={true}
                                allowFontScaling={false}
                                selectable={false}
                                style={
                                  Array [
                                    Object {
                                      "color": "#FFFFFF",
                                      "fontSize": 16,
                                    },
                                    undefined,
                                    Object {
                                      "fontFamily": "sywmax",
                                      "fontStyle": "normal",
                                      "fontWeight": "normal",
                                    },
                                    Object {},
                                  ]
                                }
                                testID="icon-text"
                              >
                                
                              </Text>
                            </View>
                          </View>
                        </View>
                      </View>
                      <Modal
                        accessibilityLabel="modal-container"
                        accessible={true}
                        animationType="slide"
                        hardwareAccelerated={false}
                        statusBarTranslucent={true}
                        testID="modal-container"
                        transparent={true}
                        visible={false}
                      />
                    </View>
                  </View>
                </View>
              </View>
            </View>
          </View>
        </View>
      </RNSScreen>
    </RNSScreenContainer>
  </RNCSafeAreaProvider>
</View>
`;
