// Jest Snapshot v1, https://goo.gl/fbAQLP

exports[`DeleteAccount should render 1`] = `
<View
  style={
    Object {
      "alignItems": "center",
      "backgroundColor": "#F5F7FA",
      "flexBasis": 0,
      "flexGrow": 1,
      "flexShrink": 1,
      "height": "100%",
      "justifyContent": "center",
      "paddingBottom": 0,
      "paddingLeft": 40,
      "paddingRight": 40,
      "paddingTop": 0,
    }
  }
>
  <Image
    source={
      Object {
        "testUri": "../../../src/assets/shared/deleteAccountIcon.png",
      }
    }
    style={
      Object {
        "height": 48,
        "width": 48,
      }
    }
  />
  <Text
    font="SFProDisplay-Heavy"
    style={
      Array [
        Object {
          "color": "#909BA0",
          "fontFamily": "SFProDisplay-Heavy",
          "fontSize": 16,
          "lineHeight": 22,
        },
        Object {
          "color": "#262C2F",
          "fontSize": 22,
          "marginTop": 16,
          "textAlign": "center",
        },
      ]
    }
  >
    We're sad you're leaving!
  </Text>
  <Text
    style={
      Array [
        Object {
          "color": "#909BA0",
          "fontFamily": "SFProDisplay-Medium",
          "fontSize": 16,
          "lineHeight": 22,
        },
        Object {
          "color": "#909BA0",
          "fontFamily": "SFProDisplay-Medium",
          "fontSize": 16,
          "lineHeight": 24,
          "marginTop": 8,
          "textAlign": "center",
        },
      ]
    }
  >
    If you delete the account, all your information within Shop Your Way MAX will be removed, including points earned. This action can only be done by contacting our customer service.
  </Text>
  <Text
    font="SFProDisplay-Heavy"
    style={
      Array [
        Object {
          "color": "#909BA0",
          "fontFamily": "SFProDisplay-Heavy",
          "fontSize": 16,
          "lineHeight": 22,
        },
        Object {
          "color": "#262C2F",
          "fontFamily": "SFProDisplay-Bold",
          "fontSize": 16,
          "lineHeight": 20,
          "marginTop": 32,
          "textAlign": "center",
        },
      ]
    }
  >
    E-mail:
  </Text>
  <View
    accessibilityLabel="delete-account-support-email"
    accessible={true}
    collapsable={false}
    focusable={true}
    onClick={[Function]}
    onResponderGrant={[Function]}
    onResponderMove={[Function]}
    onResponderRelease={[Function]}
    onResponderTerminate={[Function]}
    onResponderTerminationRequest={[Function]}
    onStartShouldSetResponder={[Function]}
    style={
      Object {
        "opacity": 1,
      }
    }
    testID="delete-account-support-email"
  >
    <Text
      style={
        Array [
          Object {
            "color": "#909BA0",
            "fontFamily": "SFProDisplay-Medium",
            "fontSize": 16,
            "lineHeight": 22,
          },
          Object {
            "color": "#0066CC",
            "fontFamily": "SFProDisplay-Bold",
            "fontSize": 14,
            "lineHeight": 22,
            "marginBottom": 16,
            "marginTop": 16,
            "textAlign": "center",
          },
        ]
      }
    >
      sywsolutions@syw.com
    </Text>
  </View>
</View>
`;
