// Jest Snapshot v1, https://goo.gl/fbAQLP

exports[`LinkedCardList should render 1`] = `
<View
  accessibilityLabel="linked-cards-container"
  accessible={true}
  focusable={true}
  onClick={[Function]}
  onResponderGrant={[Function]}
  onResponderMove={[Function]}
  onResponderRelease={[Function]}
  onResponderTerminate={[Function]}
  onResponderTerminationRequest={[Function]}
  onStartShouldSetResponder={[Function]}
  testID="linked-cards-container"
>
  <View
    style={
      Array [
        Object {
          "backgroundColor": "transparent",
          "elevation": 3,
          "shadowColor": "#262C2F",
          "shadowOffset": Object {
            "height": 4,
            "width": 0,
          },
          "shadowOpacity": 0.1,
        },
        Object {
          "backgroundColor": "#FFFFFF",
          "borderBottomLeftRadius": 8,
          "borderBottomRightRadius": 8,
          "borderTopLeftRadius": 8,
          "borderTopRightRadius": 8,
          "flexDirection": "row",
          "marginBottom": 8,
          "paddingBottom": 20,
          "paddingLeft": 16,
          "paddingRight": 16,
          "paddingTop": 20,
        },
      ]
    }
  >
    CreditCardIcon
    <View
      style={
        Object {
          "flexBasis": 0,
          "flexGrow": 1,
          "flexShrink": 1,
          "marginLeft": 20,
        }
      }
    >
      <Text
        style={
          Object {
            "color": "#262C2F",
            "fontFamily": "SFProDisplay-Heavy",
            "fontSize": 16,
            "lineHeight": 24,
          }
        }
      >
        Eat and Earn
      </Text>
      <Text
        style={
          Object {
            "color": "#909BA0",
            "fontFamily": "SFProDisplay-Medium",
            "fontSize": 14,
            "lineHeight": 20,
            "marginBottom": 4,
          }
        }
      >
        Add any Visa, Mastercard, or
        

        American Express to earn points
        

        near you
      </Text>
      <View
        accessibilityLabel="linked-cards-add-card-btn"
        accessible={true}
        style={
          Object {
            "alignItems": "center",
            "flexDirection": "row",
          }
        }
        testID="linked-cards-add-card-btn"
      >
        <Text
          style={
            Object {
              "color": "#0066CC",
              "fontFamily": "SFProDisplay-Heavy",
              "fontSize": 14,
              "lineHeight": 18,
              "marginRight": 8,
            }
          }
        >
          Add my card
        </Text>
        <Text
          accessibilityLabel="icon-text"
          accessible={true}
          allowFontScaling={false}
          selectable={false}
          style={
            Array [
              Object {
                "color": "#262C2F",
                "fontSize": 20,
              },
              undefined,
              Object {
                "fontFamily": "sywmax",
                "fontStyle": "normal",
                "fontWeight": "normal",
              },
              Object {},
            ]
          }
          testID="icon-text"
        >
          î¤ƒ
        </Text>
      </View>
    </View>
  </View>
</View>
`;

exports[`LinkedCardList should render empty container banner 1`] = `
<View
  accessibilityLabel="empty-state-card"
  accessible={true}
  style={
    Object {
      "alignItems": "center",
      "backgroundColor": "#EBEDF2",
      "borderBottomLeftRadius": 8,
      "borderBottomRightRadius": 8,
      "borderTopLeftRadius": 8,
      "borderTopRightRadius": 8,
      "flexDirection": "row",
      "height": 125,
      "justifyContent": "space-between",
      "marginTop": 16,
      "paddingBottom": 28,
      "paddingLeft": 20,
      "paddingRight": 20,
      "paddingTop": 28,
    }
  }
  testID="empty-state-card"
>
  CardLinkFallbackIcon
  <View
    style={
      Object {
        "paddingLeft": 20,
        "width": "80%",
      }
    }
  >
    <Text
      style={
        Array [
          Object {
            "color": "#262C2F",
            "fontFamily": "SFProDisplay-Bold",
            "fontSize": 20,
            "lineHeight": 30,
          },
          Object {
            "color": "#262C2F",
            "fontSize": 16,
            "fontWeight": "bold",
            "lineHeight": 24,
          },
        ]
      }
      type="titleHeader"
    >
      Whoops! We had a problem loading your linked cards.
    </Text>
  </View>
</View>
`;
