// Jest Snapshot v1, https://goo.gl/fbAQLP

exports[`RecentHistoryList should render 1`] = `null`;
