// Jest Snapshot v1, https://goo.gl/fbAQLP

exports[`PointBalanceSummary should render with defaults 1`] = `
<View
  style={
    Array [
      Object {
        "backgroundColor": "transparent",
        "elevation": 3,
        "shadowColor": "#262C2F",
        "shadowOffset": Object {
          "height": 4,
          "width": 0,
        },
        "shadowOpacity": 0.1,
      },
      Object {
        "borderBottomLeftRadius": 8,
        "borderBottomRightRadius": 8,
        "borderTopLeftRadius": 8,
        "borderTopRightRadius": 8,
        "flexDirection": "column",
        "justifyContent": "space-between",
        "paddingBottom": 20,
        "paddingLeft": 20,
        "paddingRight": 20,
        "paddingTop": 20,
      },
      Object {
        "backgroundColor": "#FFFFFF",
        "flexDirection": "column",
        "justifyContent": "space-between",
        "paddingBottom": 0,
        "paddingLeft": 0,
        "paddingRight": 0,
        "paddingTop": 0,
      },
    ]
  }
>
  <BVLinearGradient
    accessibilityLabel="point-balance-summary-gradient"
    accessible={true}
    colors={
      Array [
        2147509964,
        4278216396,
      ]
    }
    endPoint={
      Object {
        "x": 0,
        "y": 1,
      }
    }
    locations={null}
    startPoint={
      Object {
        "x": 0,
        "y": 0.75,
      }
    }
    style={
      Object {
        "borderTopLeftRadius": 8,
        "borderTopRightRadius": 8,
        "bottom": 0,
        "height": 72,
        "paddingBottom": 4,
        "paddingLeft": 4,
        "paddingRight": 4,
        "paddingTop": 4,
        "width": "100%",
      }
    }
    testID="point-balance-summary-gradient"
  >
    <View
      accessibilityIgnoresInvertColors={true}
      style={
        Object {
          "backgroundColor": "transparent",
          "height": 72,
          "width": "100%",
        }
      }
    >
      <Image
        source={
          Object {
            "testUri": "../../../src/assets/shared/pointBalancePatternAsset.png",
          }
        }
        style={
          Array [
            Object {
              "bottom": 0,
              "left": 0,
              "position": "absolute",
              "right": 0,
              "top": 0,
            },
            Object {
              "height": 72,
              "width": "100%",
            },
            Object {
              "flex": 1,
              "resizeMode": "repeat",
            },
          ]
        }
      />
      <View
        accessibilityLabel="point-balance-summary-top-btn"
        accessible={true}
        focusable={true}
        onClick={[Function]}
        onResponderGrant={[Function]}
        onResponderMove={[Function]}
        onResponderRelease={[Function]}
        onResponderTerminate={[Function]}
        onResponderTerminationRequest={[Function]}
        onStartShouldSetResponder={[Function]}
        testID="point-balance-summary-top-btn"
      >
        <View
          style={
            Object {
              "alignItems": "center",
              "borderTopLeftRadius": 8,
              "borderTopRightRadius": 8,
              "flexDirection": "row",
              "height": "100%",
              "justifyContent": "space-between",
              "paddingBottom": 20,
              "paddingLeft": 20,
              "paddingRight": 16,
              "paddingTop": 12,
            }
          }
        >
          <View
            style={
              Object {
                "flexDirection": "column",
                "justifyContent": "space-between",
              }
            }
          >
            <Text
              font="SFProDisplay-Bold"
              style={
                Array [
                  Object {
                    "color": "#909BA0",
                    "fontFamily": "SFProDisplay-Bold",
                    "fontSize": 16,
                    "lineHeight": 22,
                  },
                  Object {
                    "color": "#FFFFFF",
                    "fontSize": 12,
                    "textTransform": "uppercase",
                  },
                ]
              }
            >
              Available Points
            </Text>
            <View
              style={
                Object {
                  "alignItems": "center",
                  "flexDirection": "row",
                }
              }
            >
              ClaimIcon
              <Text
                accessibilityLabel="point-balance-summary-available-points-label"
                accessible={true}
                font="SFProDisplay-Heavy"
                style={
                  Array [
                    Object {
                      "color": "#909BA0",
                      "fontFamily": "SFProDisplay-Heavy",
                      "fontSize": 16,
                      "lineHeight": 22,
                    },
                    Object {
                      "color": "#FFFFFF",
                      "fontSize": 24,
                      "lineHeight": 28,
                    },
                  ]
                }
                testID="point-balance-summary-available-points-label"
              >
                0
              </Text>
            </View>
          </View>
          <View
            style={
              Object {
                "flexDirection": "column",
                "justifyContent": "space-between",
              }
            }
          >
            <View
              style={
                Object {
                  "alignItems": "center",
                  "flexDirection": "row",
                }
              }
            >
              <Text
                font="SFProDisplay-Bold"
                style={
                  Array [
                    Object {
                      "color": "#909BA0",
                      "fontFamily": "SFProDisplay-Bold",
                      "fontSize": 16,
                      "lineHeight": 22,
                    },
                    Object {
                      "color": "#FFFFFF",
                      "fontSize": 12,
                      "textTransform": "uppercase",
                    },
                  ]
                }
              >
                Pending
              </Text>
            </View>
            <View
              style={
                Object {
                  "alignItems": "center",
                  "flexDirection": "row",
                }
              }
            >
              ClaimIcon
              <Text
                accessibilityLabel="point-balance-summary-pending-points-label"
                accessible={true}
                font="SFProDisplay-Heavy"
                style={
                  Array [
                    Object {
                      "color": "#909BA0",
                      "fontFamily": "SFProDisplay-Heavy",
                      "fontSize": 16,
                      "lineHeight": 22,
                    },
                    Object {
                      "color": "#FFFFFF",
                      "fontSize": 24,
                      "lineHeight": 28,
                    },
                  ]
                }
                testID="point-balance-summary-pending-points-label"
              >
                0
              </Text>
            </View>
          </View>
          <Text
            accessibilityLabel="icon-text"
            accessible={true}
            allowFontScaling={false}
            selectable={false}
            style={
              Array [
                Object {
                  "color": "#FFFFFF",
                  "fontSize": 20,
                },
                undefined,
                Object {
                  "fontFamily": "sywmax",
                  "fontStyle": "normal",
                  "fontWeight": "normal",
                },
                Object {},
              ]
            }
            testID="icon-text"
          >
            
          </Text>
        </View>
      </View>
    </View>
  </BVLinearGradient>
  <View
    accessibilityLabel="point-balance-summary-bottom-btn"
    accessible={true}
    focusable={true}
    onClick={[Function]}
    onResponderGrant={[Function]}
    onResponderMove={[Function]}
    onResponderRelease={[Function]}
    onResponderTerminate={[Function]}
    onResponderTerminationRequest={[Function]}
    onStartShouldSetResponder={[Function]}
    testID="point-balance-summary-bottom-btn"
  >
    <View
      style={
        Object {
          "alignItems": "center",
          "backgroundColor": "#FFFFFF",
          "borderBottomLeftRadius": 8,
          "borderBottomRightRadius": 8,
          "flexDirection": "row",
          "justifyContent": "space-between",
          "paddingBottom": 20,
          "paddingLeft": 20,
          "paddingRight": 20,
          "paddingTop": 20,
        }
      }
    >
      <View
        style={
          Object {
            "alignItems": "center",
            "flexDirection": "row",
          }
        }
      >
        <Text
          accessibilityLabel="icon-text"
          accessible={true}
          allowFontScaling={false}
          selectable={false}
          style={
            Array [
              Object {
                "color": "#909BA0",
                "fontSize": 26,
              },
              undefined,
              Object {
                "fontFamily": "sywmax",
                "fontStyle": "normal",
                "fontWeight": "normal",
              },
              Object {},
            ]
          }
          testID="icon-text"
        >
          
        </Text>
        <Text
          font="SFProDisplay-Bold"
          style={
            Array [
              Object {
                "color": "#909BA0",
                "fontFamily": "SFProDisplay-Bold",
                "fontSize": 16,
                "lineHeight": 22,
              },
              Object {
                "color": "#909BA0",
                "fontSize": 14,
                "marginLeft": 8,
                "textTransform": "uppercase",
              },
            ]
          }
        >
          Your member number and pin
        </Text>
      </View>
      <Text
        accessibilityLabel="icon-text"
        accessible={true}
        allowFontScaling={false}
        selectable={false}
        style={
          Array [
            Object {
              "color": "#909BA0",
              "fontSize": 18,
            },
            undefined,
            Object {
              "fontFamily": "sywmax",
              "fontStyle": "normal",
              "fontWeight": "normal",
            },
            Object {},
          ]
        }
        testID="icon-text"
      >
        
      </Text>
    </View>
  </View>
</View>
`;
